../TOF/App/app_tof.c:61:6:MX_TOF_Init	8	static
../TOF/App/app_tof.c:84:6:MX_TOF_Process	8	static
../TOF/App/app_tof.c:97:13:MX_53L8A1_SimpleRanging_Init	8	static
../TOF/App/app_tof.c:128:13:MX_53L8A1_SimpleRanging_Process	16	static
../TOF/App/app_tof.c:173:6:TOF_Init_2	16	static
../TOF/App/app_tof.c:198:7:Return_avg	24	static
../TOF/App/app_tof.c:230:13:print_result	32	static
../TOF/App/app_tof.c:319:13:toggle_resolution	8	static
../TOF/App/app_tof.c:349:13:toggle_signal_and_ambient	8	static
../TOF/App/app_tof.c:360:13:clear_screen	8	static
../TOF/App/app_tof.c:365:13:display_commands_banner	8	static
../TOF/App/app_tof.c:380:13:handle_cmd	16	static
../TOF/App/app_tof.c:403:16:get_key	16	static
../TOF/App/app_tof.c:412:17:com_has_data	4	static
../TOF/App/app_tof.c:417:6:BSP_PB_Callback	16	static
